// Jest Snapshot v1, https://goo.gl/fbAQLP

exports[`bookshelfActions getBookshelf should dispatch success if getBookshelfService is successful 1`] = `
Array [
  Object {
    "amazonAverageRating": 4.5,
    "amazonRatingsCount": 553,
    "categories": Array [
      "Family & Relationships",
    ],
    "description": "Answers the most important parenting questions about raising children from birth through kindergarten, covering such topics as discipline, sleeping, day care, safety, independence, and feeding.",
    "differences": Array [
      Object {
        "currentValue": 3.9,
        "key": "amazonAverageRating",
        "newValue": 4.5,
      },
    ],
    "goodreadsAverageRating": 4,
    "goodreadsRatingsCount": 40,
    "isbn": "9781402218279",
    "price": "",
    "subtitle": "From Birth to Kindergarten, Answers to the Top 150 Questions about Raising a Young Child",
    "thumbnail": "http://books.google.com/books/content?id=oD0omQEACAAJ&printsec=frontcover&img=1&zoom=1&source=gbs_api",
    "title": "The New Baby Answer Book",
  },
]
`;
