// Jest Snapshot v1, https://goo.gl/fbAQLP

exports[`App render should render as expected 1`] = `
<header class="header"
        style="z-index: 1;"
>
  <div class="header-content display-4">
    Book Review Aggregator
  </div>
</header>
<div class="makeStyles-container-2">
  <div class="MuiTabs-root makeStyles-tabs-1">
    <div class="MuiTabs-scroller MuiTabs-fixed"
         style="overflow: hidden;"
    >
      <div class="MuiTabs-flexContainer"
           role="tablist"
      >
        <button class="MuiButtonBase-root MuiTab-root MuiTab-textColorPrimary Mui-selected MuiTab-fullWidth"
                tabindex="0"
                type="button"
                role="tab"
                aria-selected="true"
                id="searchTab"
        >
          <span class="MuiTab-wrapper">
            Search
          </span>
          <span class="PrivateTabIndicator-root-27 PrivateTabIndicator-colorPrimary-28 MuiTabs-indicator">
          </span>
        </button>
        <button class="MuiButtonBase-root MuiTab-root MuiTab-textColorPrimary MuiTab-fullWidth"
                tabindex="0"
                type="button"
                role="tab"
                aria-selected="false"
                id="bookshelfTab"
        >
          <span class="MuiTab-wrapper">
            Bookshelf
          </span>
        </button>
      </div>
    </div>
  </div>
  <div style="overflow-x: hidden;">
    <div style="flex-direction: row; transition: all 0s ease 0s; direction: ltr; display: flex; will-change: transform;"
         class="react-swipeable-view-container"
    >
      <div style="width: 100%; flex-shrink: 0; overflow: auto;"
           aria-hidden="false"
           data-swipeable="true"
      >
        <div class="MuiGrid-root makeStyles-container-31 MuiGrid-container MuiGrid-spacing-xs-4 MuiGrid-align-items-xs-center MuiGrid-justify-xs-center">
          <div class="MuiGrid-root MuiGrid-item MuiGrid-grid-xs-8">
            <div class="MuiFormControl-root MuiTextField-root MuiFormControl-fullWidth">
              <div class="MuiInputBase-root MuiOutlinedInput-root MuiInputBase-fullWidth MuiInputBase-formControl MuiInputBase-multiline MuiOutlinedInput-multiline">
                <textarea rows="1"
                          aria-invalid="false"
                          class="MuiInputBase-input MuiOutlinedInput-input MuiInputBase-inputMultiline MuiOutlinedInput-inputMultiline"
                          data-testid="searchBar"
                >
                </textarea>
                <textarea aria-hidden="true"
                          class="MuiInputBase-input MuiOutlinedInput-input MuiInputBase-inputMultiline MuiOutlinedInput-inputMultiline"
                          readonly
                          tabindex="-1"
                          style="visibility: hidden; position: absolute; overflow: hidden; height: 0px; top: 0px; left: 0px; width: 100%;"
                >
                </textarea>
                <fieldset aria-hidden="true"
                          style="padding-left: 8px;"
                          class="PrivateNotchedOutline-root-173 MuiOutlinedInput-notchedOutline"
                >
                  <legend class="PrivateNotchedOutline-legend-174"
                          style="width: 0px;"
                  >
                    <span>
                      ​
                    </span>
                  </legend>
                </fieldset>
              </div>
            </div>
          </div>
          <div class="MuiGrid-root MuiGrid-item MuiGrid-grid-xs-2">
            <button class="MuiButtonBase-root MuiButton-root MuiButton-outlined MuiButton-outlinedPrimary Mui-disabled Mui-disabled"
                    tabindex="-1"
                    type="button"
                    disabled
                    data-testid="searchButton"
            >
              <span class="MuiButton-label">
                Search
              </span>
            </button>
          </div>
        </div>
      </div>
    </div>
  </div>
</div>
`;
