// Jest Snapshot v1, https://goo.gl/fbAQLP

exports[`App render should render as expected 1`] = `
<DocumentFragment>
  <header
    class="header"
    style="z-index: 1;"
  >
    <div
      class="header-content display-4"
    >
      Book Review Aggregator
    </div>
  </header>
  <div
    class="makeStyles-container-2"
  >
    <div
      class="MuiTabs-root makeStyles-tabs-1"
    >
      <div
        class="MuiTabs-scroller MuiTabs-fixed"
        style="overflow: hidden;"
      >
        <div
          class="MuiTabs-flexContainer"
          role="tablist"
        >
          <button
            aria-selected="true"
            class="MuiButtonBase-root MuiTab-root MuiTab-textColorPrimary Mui-selected MuiTab-fullWidth"
            data-testid="searchTab"
            role="tab"
            tabindex="0"
            type="button"
          >
            <span
              class="MuiTab-wrapper"
            >
              Search
            </span>
            <span
              class="PrivateTabIndicator-root-27 PrivateTabIndicator-colorPrimary-28 MuiTabs-indicator"
            />
          </button>
          <button
            aria-selected="false"
            class="MuiButtonBase-root MuiTab-root MuiTab-textColorPrimary MuiTab-fullWidth"
            data-testid="bookshelfTab"
            role="tab"
            tabindex="0"
            type="button"
          >
            <span
              class="MuiTab-wrapper"
            >
              Bookshelf
            </span>
          </button>
        </div>
      </div>
    </div>
    <div
      style="overflow-x: hidden;"
    >
      <div
        class="react-swipeable-view-container"
        style="flex-direction: row; transition: all 0s ease 0s; direction: ltr; display: flex; will-change: transform;"
      >
        <div
          aria-hidden="false"
          data-swipeable="true"
          style="width: 100%; flex-shrink: 0; overflow: auto;"
        >
          <div
            class="MuiGrid-root makeStyles-container-31 MuiGrid-container MuiGrid-spacing-xs-4 MuiGrid-align-items-xs-center MuiGrid-justify-xs-center"
            data-testid="searchView"
          >
            <div
              class="MuiGrid-root MuiGrid-item MuiGrid-grid-xs-8"
            >
              <div
                class="MuiFormControl-root MuiTextField-root MuiFormControl-fullWidth"
              >
                <div
                  class="MuiInputBase-root MuiOutlinedInput-root MuiInputBase-fullWidth MuiInputBase-formControl MuiInputBase-multiline MuiOutlinedInput-multiline"
                >
                  <textarea
                    aria-invalid="false"
                    class="MuiInputBase-input MuiOutlinedInput-input MuiInputBase-inputMultiline MuiOutlinedInput-inputMultiline"
                    data-testid="searchBar"
                    rows="1"
                  />
                  <textarea
                    aria-hidden="true"
                    class="MuiInputBase-input MuiOutlinedInput-input MuiInputBase-inputMultiline MuiOutlinedInput-inputMultiline"
                    readonly=""
                    style="visibility: hidden; position: absolute; overflow: hidden; height: 0px; top: 0px; left: 0px; width: 100%;"
                    tabindex="-1"
                  />
                  <fieldset
                    aria-hidden="true"
                    class="PrivateNotchedOutline-root-173 MuiOutlinedInput-notchedOutline"
                    style="padding-left: 8px;"
                  >
                    <legend
                      class="PrivateNotchedOutline-legend-174"
                      style="width: 0px;"
                    >
                      <span>
                        ​
                      </span>
                    </legend>
                  </fieldset>
                </div>
              </div>
            </div>
            <div
              class="MuiGrid-root MuiGrid-item MuiGrid-grid-xs-2"
            >
              <button
                class="MuiButtonBase-root MuiButton-root MuiButton-outlined MuiButton-outlinedPrimary Mui-disabled Mui-disabled"
                data-testid="searchButton"
                disabled=""
                tabindex="-1"
                type="button"
              >
                <span
                  class="MuiButton-label"
                >
                  Search
                </span>
              </button>
            </div>
          </div>
        </div>
      </div>
    </div>
  </div>
</DocumentFragment>
`;
